// Jest Snapshot v1, https://goo.gl/fbAQLP

exports[`<Dashboard Layout /> should match snapshot 1`] = `
<DocumentFragment>
  <nav
    class="navbarContainer"
  >
    <div
      class="ui mini basic attached segment"
      fluid="true"
    >
      <div
        class="ui grid"
      >
        <div
          class="six wide column"
        >
          <img
            alt="logo"
            src="test-file-stub"
            width="300rem"
          />
        </div>
        <div
          class="center aligned five wide column"
        >
          <div
            basic="true"
            centered="true"
            class="ui secondary menu"
          >
            <a
              href="/"
            >
              <div
                class="item"
                role="menuitem"
              >
                Home
              </div>
            </a>
            <a
              href="/learn"
            >
              <div
                class="item"
                role="menuitem"
              >
                Learn
              </div>
            </a>
            <a
              href="/about"
            >
              <div
                class="item"
                role="menuitem"
              >
                About
              </div>
            </a>
            <a
              href="/analytics"
            >
              <div
                class="item"
                role="menuitem"
              >
                Analytics
              </div>
            </a>
          </div>
        </div>
        <div
          class="right aligned five wide column"
        >
          <div
            class="ui buttons"
          >
            <a
              href="/login"
            >
              <button
                class="ui button"
              >
                Login
              </button>
            </a>
            <div
              class="or"
              data-text="or"
            />
            <a
              href="/signup"
            >
              <button
                class="ui blue button"
              >
                SignUp
              </button>
            </a>
          </div>
        </div>
      </div>
    </div>
  </nav>
  <div
    class="ui grid dashboardContainer"
  >
    <div
      class="two wide column sidebarContainer"
    >
      <div
        class="ui list"
        role="list"
      >
        <div
          class="item"
          role="listitem"
        >
          <div
            class="header"
          >
            ANALYTICS
          </div>
          <div
            class="content"
          >
            <div
              class="ui list"
              role="list"
            >
              <div
                class="item"
                role="listitem"
              >
                <i
                  aria-hidden="true"
                  class="grey chart area icon"
                />
                <a
                  class="content"
                >
                  Analytics
                </a>
              </div>
              <div
                class="item"
                role="listitem"
              >
                <i
                  aria-hidden="true"
                  class="grey camera icon"
                />
                <a
                  class="content"
                >
                  Camera
                </a>
              </div>
            </div>
          </div>
        </div>
        <div
          class="item"
          role="listitem"
        >
          <div
            class="header"
          >
            LOCATIONS
          </div>
          <div
            class="content"
          >
            <div
              class="ui list"
              role="list"
            >
              <div
                class="item"
                role="listitem"
              >
                <i
                  aria-hidden="true"
                  class="grey location arrow icon"
                />
                <a
                  class="content"
                >
                  Zone 1
                </a>
              </div>
              <div
                class="item"
                role="listitem"
              >
                <i
                  aria-hidden="true"
                  class="grey location arrow icon"
                />
                <a
                  class="content"
                >
                  Zone 2
                </a>
              </div>
            </div>
          </div>
        </div>
      </div>
    </div>
    <div
      class="fourteen wide column"
    >
      Colin
    </div>
  </div>
</DocumentFragment>
`;
